I'm sorry, but errors were detected in your script. Please correct the
errors listed below, and try again.


File "game/script.rpy", line 7: Unexpected indentation at start of file.

Ren'Py Version: Ren'Py 8.1.3.23091805
Sat Dec 16 04:48:24 2023
